
> @figma/my-make-file@0.0.1 dev
> vite --host 127.0.0.1 --port 5173

Re-optimizing dependencies because vite config has changed

  [32m[1mVITE[22m v6.0.0[39m  [2mready in [0m[1m3150[22m[2m[0m ms[22m

  [32m➜[39m  [1mLocal[22m:   [36mhttp://127.0.0.1:[1m5173[22m/[39m
[2m[32m  ➜[39m[22m[2m  press [22m[1mh + enter[22m[2m to show help[22m
[2m12:01:34 pm[22m [36m[1m[vite][22m[39m [90m[2m(client)[22m[39m [32mhmr update [39m[2m/src/styles/index.css, /src/layouts/IndividualLayout.vue, /src/IV-views/Individual/Dashboard.vue, /@fs/C:\Users\pruth\Downloads\Login Signup Flow Design\src\IV-components\IndividualSidebar.vue, /src/IV-views/Individual/BookMove.vue[22m
[2m12:01:34 pm[22m [36m[1m[vite][22m[39m [90m[2m(client)[22m[39m [32mpage reload [39m[2msrc/stores/vendorStore.js[22m
[2m12:01:34 pm[22m [36m[1m[vite][22m[39m [90m[2m(client)[22m[39m [32mhmr update [39m[2m/src/IV-views/Individual/BookMove.vue, /src/styles/index.css[22m
[2m12:02:04 pm[22m [36m[1m[vite][22m[39m [90m[2m(client)[22m[39m [32mhmr update [39m[2m/src/styles/index.css, /src/LWD-views/LogisticManager/RateGovernance.vue, /src/IV-views/Individual/BookMove.vue[22m
[2m12:10:07 pm[22m [36m[1m[vite][22m[39m [90m[2m(client)[22m[39m [32mhmr update [39m[2m/src/styles/index.css, /src/LWD-views/LogisticManager/RateGovernance.vue, /src/IV-views/Individual/BookMove.vue, /src/layouts/IndividualLayout.vue, /src/IV-views/Individual/Dashboard.vue, /@fs/C:\Users\pruth\Downloads\Login Signup Flow Design\src\IV-components\IndividualSidebar.vue[22m
[2m12:10:07 pm[22m [36m[1m[vite][22m[39m [90m[2m(client)[22m[39m [32mhmr update [39m[2m/src/styles/index.css, /src/layouts/IndividualLayout.vue, /src/IV-views/Individual/Dashboard.vue, /@fs/C:\Users\pruth\Downloads\Login Signup Flow Design\src\IV-components\IndividualSidebar.vue, /src/IV-views/Individual/BookMove.vue[22m
[2m12:10:07 pm[22m [36m[1m[vite][22m[39m [90m[2m(client)[22m[39m [32mpage reload [39m[2msrc/stores/vendorStore.js[22m
[2m12:10:07 pm[22m [36m[1m[vite][22m[39m [90m[2m(client)[22m[39m [32mhmr update [39m[2m/src/IV-views/Individual/BookMove.vue, /src/styles/index.css[22m
[2m12:10:07 pm[22m [36m[1m[vite][22m[39m [90m[2m(client)[22m[39m [32mhmr update [39m[2m/src/LWD-views/LogisticManager/RateGovernance.vue, /src/styles/index.css[22m
[2m12:10:52 pm[22m [36m[1m[vite][22m[39m [90m[2m(client)[22m[39m [32mhmr update [39m[2m/src/IV-views/Individual/BookMove.vue, /src/styles/index.css[22m
[2m12:57:52 pm[22m [36m[1m[vite][22m[39m [90m[2m(client)[22m[39m [32mhmr update [39m[2m/@fs/C:\Users\pruth\Downloads\Login Signup Flow Design\src\IV-components\IndividualSidebar.vue, /src/styles/index.css[22m
[2m12:58:02 pm[22m [36m[1m[vite][22m[39m [90m[2m(client)[22m[39m [32mhmr update [39m[2m/@fs/C:\Users\pruth\Downloads\Login Signup Flow Design\src\IV-components\VendorSidebar.vue, /src/styles/index.css[22m
[2m12:58:16 pm[22m [36m[1m[vite][22m[39m [90m[2m(client)[22m[39m [32mpage reload [39m[2msrc/router/index.js[22m
[2m12:58:28 pm[22m [36m[1m[vite][22m[39m [90m[2m(client)[22m[39m [32mpage reload [39m[2msrc/IV-views/Vendor/Wallet.vue[22m
[2m12:58:28 pm[22m [36m[1m[vite][22m[39m [90m[2m(client)[22m[39m [32mpage reload [39m[2msrc/router/index.js[22m
[2m12:58:44 pm[22m [36m[1m[vite][22m[39m [90m[2m(client)[22m[39m [32mpage reload [39m[2msrc/router/index.js[22m
[2m1:01:08 pm[22m [36m[1m[vite][22m[39m [90m[2m(client)[22m[39m [32mhmr update [39m[2m/src/IV-views/Individual/Dashboard.vue, /src/styles/index.css[22m
[2m1:01:17 pm[22m [36m[1m[vite][22m[39m [90m[2m(client)[22m[39m [32mhmr update [39m[2m/src/IV-views/Individual/Dashboard.vue, /src/styles/index.css[22m
[2m1:01:24 pm[22m [36m[1m[vite][22m[39m [90m[2m(client)[22m[39m [32mhmr update [39m[2m/src/IV-views/Individual/Dashboard.vue, /src/styles/index.css[22m
[2m1:01:39 pm[22m [36m[1m[vite][22m[39m [90m[2m(client)[22m[39m [32mhmr update [39m[2m/src/IV-views/Vendor/Dashboard.vue, /src/styles/index.css[22m
[2m1:01:50 pm[22m [36m[1m[vite][22m[39m [90m[2m(client)[22m[39m [32mhmr update [39m[2m/src/IV-views/Vendor/Dashboard.vue, /src/styles/index.css[22m
[2m1:01:59 pm[22m [36m[1m[vite][22m[39m [90m[2m(client)[22m[39m [32mhmr update [39m[2m/src/IV-views/Vendor/Dashboard.vue, /src/styles/index.css[22m
[2m1:05:18 pm[22m [36m[1m[vite][22m[39m [90m[2m(client)[22m[39m [32mhmr update [39m[2m/src/styles/index.css, /src/layouts/LogisticLayout.vue, /src/LWD-views/LogisticManager/Dashboard.vue, /@fs/C:\Users\pruth\Downloads\Login Signup Flow Design\src\LWD-components\LogisticSidebar.vue, /@fs/C:\Users\pruth\Downloads\Login Signup Flow Design\src\components\HeaderTodo.vue, /@fs/C:\Users\pruth\Downloads\Login Signup Flow Design\src\components\HeaderMeetingScheduler.vue, /@fs/C:\Users\pruth\Downloads\Login Signup Flow Design\src\LWD-components\AlertDetailsModal.vue, /@fs/C:\Users\pruth\Downloads\Login Signup Flow Design\src\LWD-components\DriverProfileModal.vue, /src/LWD-views/LogisticManager/Finance.vue, /src/LWD-views/LogisticManager/Reports.vue, /src/layouts/WarehouseLayout.vue, /@fs/C:\Users\pruth\Downloads\Login Signup Flow Design\src\LWD-components\WarehouseSidebar.vue, /src/LWD-views/LogisticManager/WarehouseManagement.vue, /src/LWD-views/LogisticManager/UserManagement.vue, /src/LWD-views/LogisticManager/FleetManagement.vue, /src/pages/MainLoginHub.vue, /src/LWD-views/WarehouseManager/Dashboard.vue, /src/pages/RoleLogin.vue, /@fs/C:\Users\pruth\Downloads\Login Signup Flow Design\src\IV-components\IndividualSidebar.vue, /src/IV-views/Individual/BookMove.vue, /src/IV-views/Individual/Tracking.vue, /src/IV-views/Individual/Payments.vue, /@fs/C:\Users\pruth\Downloads\Login Signup Flow Design\src\IV-components\VendorSidebar.vue, /src/IV-views/Individual/Orders.vue, /src/LWD-views/LogisticManager/RateGovernance.vue, /src/layouts/IndividualLayout.vue, /src/IV-views/Individual/Dashboard.vue, /src/IV-views/Individual/Profile.vue, /src/IV-views/Individual/Quotes.vue, /src/layouts/VendorLayout.vue, /src/IV-views/Vendor/Dashboard.vue[22m
