Re-optimizing dependencies because vite config has changed

  [32m[1mVITE[22m v6.0.0[39m  [2mready in [0m[1m1260[22m[2m[0m ms[22m

  [32m➜[39m  [1mLocal[22m:   [36mhttp://127.0.0.1:[1m5173[22m/[39m
[2m[32m  ➜[39m[22m[2m  press [22m[1mh + enter[22m[2m to show help[22m
[2m12:11:51 pm[22m [36m[1m[vite][22m[39m [90m[2m(client)[22m[39m [32mpage reload [39m[2msrc/router/index.js[22m
[2m12:14:32 pm[22m [36m[1m[vite][22m[39m [90m[2m(client)[22m[39m [32mpage reload [39m[2msrc/router/index.js[22m
[2m12:16:01 pm[22m [36m[1m[vite][22m[39m [90m[2m(client)[22m[39m [32mhmr update [39m[2m/src/pages/LandingHome.vue, /src/styles/index.css[22m
[2m12:31:51 pm[22m [36m[1m[vite][22m[39m [90m[2m(client)[22m[39m [32mpage reload [39m[2mfrontend/index.html[22m
[2m12:31:51 pm[22m [36m[1m[vite][22m[39m [34m[2m(ssr)[22m[39m [32mpage reload [39m[2mfrontend/index.html[22m
[2m12:31:52 pm[22m [36m[1m[vite][22m[39m [90m[2m(client)[22m[39m [32mpage reload [39m[2mdummy-frontend/index.html[22m
[2m12:31:52 pm[22m [36m[1m[vite][22m[39m [34m[2m(ssr)[22m[39m [32mpage reload [39m[2mdummy-frontend/index.html[22m
[2m1:50:19 pm[22m [36m[1m[vite][22m[39m [90m[2m(client)[22m[39m [32mpage reload [39m[2mdriver-app/android/build/reports/problems/problems-report.html[22m
[2m1:50:19 pm[22m [36m[1m[vite][22m[39m [34m[2m(ssr)[22m[39m [32mpage reload [39m[2mdriver-app/android/build/reports/problems/problems-report.html[22m
[2m1:50:36 pm[22m [36m[1m[vite][22m[39m [90m[2m(client)[22m[39m [32mpage reload [39m[2mdriver-app/android/build/reports/problems/problems-report.html[22m
[2m1:50:36 pm[22m [36m[1m[vite][22m[39m [34m[2m(ssr)[22m[39m [32mpage reload [39m[2mdriver-app/android/build/reports/problems/problems-report.html[22m
[2m1:50:54 pm[22m [36m[1m[vite][22m[39m [90m[2m(client)[22m[39m [32mpage reload [39m[2mdriver-app/android/build/reports/problems/problems-report.html[22m
[2m1:50:54 pm[22m [36m[1m[vite][22m[39m [34m[2m(ssr)[22m[39m [32mpage reload [39m[2mdriver-app/android/build/reports/problems/problems-report.html[22m
[2m1:51:10 pm[22m [36m[1m[vite][22m[39m [90m[2m(client)[22m[39m [32mpage reload [39m[2mdriver-app/android/build/reports/problems/problems-report.html[22m
[2m1:51:10 pm[22m [36m[1m[vite][22m[39m [34m[2m(ssr)[22m[39m [32mpage reload [39m[2mdriver-app/android/build/reports/problems/problems-report.html[22m
[2m2:03:48 pm[22m [36m[1m[vite][22m[39m [90m[2m(client)[22m[39m [32mhmr update [39m[2m/src/IV-views/Individual/Tracking.vue, /src/styles/index.css[22m
[2m2:04:10 pm[22m [36m[1m[vite][22m[39m [90m[2m(client)[22m[39m [32m✨ new dependencies optimized: [33m@vue-leaflet/vue-leaflet[32m[39m
[2m2:04:10 pm[22m [36m[1m[vite][22m[39m [90m[2m(client)[22m[39m [32m✨ optimized dependencies changed. reloading[39m
[2m2:28:56 pm[22m [36m[1m[vite][22m[39m [90m[2m(client)[22m[39m [32mpage reload [39m[2mdriver-app/dist/index.html[22m
[2m2:28:56 pm[22m [36m[1m[vite][22m[39m [34m[2m(ssr)[22m[39m [32mpage reload [39m[2mdriver-app/dist/index.html[22m
[2m2:28:57 pm[22m [36m[1m[vite][22m[39m [90m[2m(client)[22m[39m [32mpage reload [39m[2mdriver-app/dist/index.html[22m
[2m2:28:57 pm[22m [36m[1m[vite][22m[39m [34m[2m(ssr)[22m[39m [32mpage reload [39m[2mdriver-app/dist/index.html[22m
[2m2:53:35 pm[22m [36m[1m[vite][22m[39m [90m[2m(client)[22m[39m [32mpage reload [39m[2mdriver-app/android/build/reports/problems/problems-report.html[22m
[2m2:53:35 pm[22m [36m[1m[vite][22m[39m [34m[2m(ssr)[22m[39m [32mpage reload [39m[2mdriver-app/android/build/reports/problems/problems-report.html[22m
[2m2:53:35 pm[22m [36m[1m[vite][22m[39m [90m[2m(client)[22m[39m [32mpage reload [39m[2mdriver-app/android/build/reports/problems/problems-report.html[22m
[2m2:53:35 pm[22m [36m[1m[vite][22m[39m [34m[2m(ssr)[22m[39m [32mpage reload [39m[2mdriver-app/android/build/reports/problems/problems-report.html[22m
[2m2:55:34 pm[22m [36m[1m[vite][22m[39m [90m[2m(client)[22m[39m [32mpage reload [39m[2mdriver-app/android/build/reports/problems/problems-report.html[22m
[2m2:55:34 pm[22m [36m[1m[vite][22m[39m [34m[2m(ssr)[22m[39m [32mpage reload [39m[2mdriver-app/android/build/reports/problems/problems-report.html[22m
